// Jest Snapshot v1, https://goo.gl/fbAQLP

exports[`Counter Component renders with all props 1`] = `
ShallowWrapper {
  "length": 1,
  Symbol(enzyme.__root__): [Circular],
  Symbol(enzyme.__unrendered__): <Counter
    handleClearValue={[Function]}
    handleDecrement={[Function]}
    handleIncrement={[Function]}
    handleInputChange={[Function]}
    handleSetDirectly={[Function]}
    inputValue={0}
  />,
  Symbol(enzyme.__renderer__): Object {
    "batchedUpdates": [Function],
    "getNode": [Function],
    "render": [Function],
    "simulateEvent": [Function],
    "unmount": [Function],
  },
  Symbol(enzyme.__node__): Object {
    "instance": null,
    "key": undefined,
    "nodeType": "class",
    "props": Object {
      "children": <Content>
        <Button
          onClick={[Function]}
        >
          Increment
        </Button>
        <Button
          onClick={[Function]}
        >
          Decrement
        </Button>
        <Button
          onClick={[Function]}
        >
          Clear
        </Button>
        Set Directly:
        <Input
          onChange={[Function]}
          type="number"
          value={0}
        />
         
        <br />
        <Button
          onClick={[Function]}
        >
          Save
        </Button>
      </Content>,
    },
    "ref": null,
    "rendered": Object {
      "instance": null,
      "key": undefined,
      "nodeType": "class",
      "props": Object {
        "children": Array [
          <Button
            onClick={[Function]}
          >
            Increment
          </Button>,
          <Button
            onClick={[Function]}
          >
            Decrement
          </Button>,
          <Button
            onClick={[Function]}
          >
            Clear
          </Button>,
          "Set Directly:",
          <Input
            onChange={[Function]}
            type="number"
            value={0}
          />,
          " ",
          <br />,
          <Button
            onClick={[Function]}
          >
            Save
          </Button>,
        ],
      },
      "ref": null,
      "rendered": Array [
        Object {
          "instance": null,
          "key": undefined,
          "nodeType": "class",
          "props": Object {
            "children": "Increment",
            "onClick": [Function],
          },
          "ref": null,
          "rendered": "Increment",
          "type": [Function],
        },
        Object {
          "instance": null,
          "key": undefined,
          "nodeType": "class",
          "props": Object {
            "children": "Decrement",
            "onClick": [Function],
          },
          "ref": null,
          "rendered": "Decrement",
          "type": [Function],
        },
        Object {
          "instance": null,
          "key": undefined,
          "nodeType": "class",
          "props": Object {
            "children": "Clear",
            "onClick": [Function],
          },
          "ref": null,
          "rendered": "Clear",
          "type": [Function],
        },
        "Set Directly:",
        Object {
          "instance": null,
          "key": undefined,
          "nodeType": "class",
          "props": Object {
            "onChange": [Function],
            "type": "number",
            "value": 0,
          },
          "ref": null,
          "rendered": null,
          "type": [Function],
        },
        " ",
        Object {
          "instance": null,
          "key": undefined,
          "nodeType": "host",
          "props": Object {},
          "ref": null,
          "rendered": null,
          "type": "br",
        },
        Object {
          "instance": null,
          "key": undefined,
          "nodeType": "class",
          "props": Object {
            "children": "Save",
            "onClick": [Function],
          },
          "ref": null,
          "rendered": "Save",
          "type": [Function],
        },
      ],
      "type": [Function],
    },
    "type": [Function],
  },
  Symbol(enzyme.__nodes__): Array [
    Object {
      "instance": null,
      "key": undefined,
      "nodeType": "class",
      "props": Object {
        "children": <Content>
          <Button
            onClick={[Function]}
          >
            Increment
          </Button>
          <Button
            onClick={[Function]}
          >
            Decrement
          </Button>
          <Button
            onClick={[Function]}
          >
            Clear
          </Button>
          Set Directly:
          <Input
            onChange={[Function]}
            type="number"
            value={0}
          />
           
          <br />
          <Button
            onClick={[Function]}
          >
            Save
          </Button>
        </Content>,
      },
      "ref": null,
      "rendered": Object {
        "instance": null,
        "key": undefined,
        "nodeType": "class",
        "props": Object {
          "children": Array [
            <Button
              onClick={[Function]}
            >
              Increment
            </Button>,
            <Button
              onClick={[Function]}
            >
              Decrement
            </Button>,
            <Button
              onClick={[Function]}
            >
              Clear
            </Button>,
            "Set Directly:",
            <Input
              onChange={[Function]}
              type="number"
              value={0}
            />,
            " ",
            <br />,
            <Button
              onClick={[Function]}
            >
              Save
            </Button>,
          ],
        },
        "ref": null,
        "rendered": Array [
          Object {
            "instance": null,
            "key": undefined,
            "nodeType": "class",
            "props": Object {
              "children": "Increment",
              "onClick": [Function],
            },
            "ref": null,
            "rendered": "Increment",
            "type": [Function],
          },
          Object {
            "instance": null,
            "key": undefined,
            "nodeType": "class",
            "props": Object {
              "children": "Decrement",
              "onClick": [Function],
            },
            "ref": null,
            "rendered": "Decrement",
            "type": [Function],
          },
          Object {
            "instance": null,
            "key": undefined,
            "nodeType": "class",
            "props": Object {
              "children": "Clear",
              "onClick": [Function],
            },
            "ref": null,
            "rendered": "Clear",
            "type": [Function],
          },
          "Set Directly:",
          Object {
            "instance": null,
            "key": undefined,
            "nodeType": "class",
            "props": Object {
              "onChange": [Function],
              "type": "number",
              "value": 0,
            },
            "ref": null,
            "rendered": null,
            "type": [Function],
          },
          " ",
          Object {
            "instance": null,
            "key": undefined,
            "nodeType": "host",
            "props": Object {},
            "ref": null,
            "rendered": null,
            "type": "br",
          },
          Object {
            "instance": null,
            "key": undefined,
            "nodeType": "class",
            "props": Object {
              "children": "Save",
              "onClick": [Function],
            },
            "ref": null,
            "rendered": "Save",
            "type": [Function],
          },
        ],
        "type": [Function],
      },
      "type": [Function],
    },
  ],
  Symbol(enzyme.__options__): Object {
    "adapter": ReactSixteenAdapter {
      "options": Object {
        "enableComponentDidUpdateOnSetState": true,
      },
    },
  },
}
`;
